C:\Program Files\dotnet\sdk\10.0.201\Microsoft.Common.CurrentVersion.targets(5395,5): error MSB3027: Could not copy "D:\WallArt\obj\Debug\net10.0-windows\apphost.exe" to "bin\Debug\net10.0-windows\WallArt.exe". Exceeded retry count of 10. Failed. The file is locked by: "WallArt (880)" [D:\WallArt\WallArt.csproj]
C:\Program Files\dotnet\sdk\10.0.201\Microsoft.Common.CurrentVersion.targets(5395,5): error MSB3021: Unable to copy file "D:\WallArt\obj\Debug\net10.0-windows\apphost.exe" to "bin\Debug\net10.0-windows\WallArt.exe". The process cannot access the file 'D:\WallArt\bin\Debug\net10.0-windows\WallArt.exe' because it is being used by another process. [D:\WallArt\WallArt.csproj]

Build FAILED.
    10 Warning(s)
    2 Error(s)

Time Elapsed 00:00:11.94
